// Jest Snapshot v1, https://goo.gl/fbAQLP

exports[`Logo should be rendered correctly 1`] = `
<a
  className="logo"
  href="http://some_url"
>
  some name
</a>
`;
