// Jest Snapshot v1, https://goo.gl/fbAQLP

exports[`SearchPanel should be rendered correctly 1`] = `
<ContextConsumer>
  <Component />
</ContextConsumer>
`;
